perl
perl-base
perl-modules
libalgorithm-diff-perl
libalgorithm-diff-xs-perl
libalgorithm-merge-perl
libarchive-zip-perl
libbit-vector-perl
libcarp-clan-perl
libclass-isa-perl
libconfig-auto-perl
libconfig-inifiles-perl
libconvert-binhex-perl
libcrypt-passwdmd5-perl
libdate-calc-perl
libdate-calc-xs-perl
libdbd-mysql-perl
libdbi-perl
libdigest-hmac-perl
libencode-locale-perl
liberror-perl
libfile-basedir-perl
libfile-copy-recursive-perl
libfile-desktopentry-perl
libfile-fcntllock-perl
libfile-find-rule-perl
libfile-homedir-perl
libfile-listing-perl
libfile-mimeinfo-perl
libfile-tail-perl
libfile-which-perl
libfont-afm-perl
libfont-freetype-perl
libhtml-form-perl
libhtml-format-perl
libhtml-parser-perl
libhtml-tagset-perl
libhtml-template-perl
libhtml-tree-perl
libhttp-cookies-perl
libhttp-daemon-perl
libhttp-date-perl
libhttp-message-perl
libhttp-negotiate-perl
libio-socket-inet6-perl
libio-socket-ssl-perl
libio-string-perl
libio-stringy-perl
liblist-moreutils-perl
liblocale-gettext-perl
liblwp-mediatypes-perl
liblwp-protocol-https-perl
libmail-sendmail-perl
libmail-spf-perl
libmailtools-perl
libmime-tools-perl
libnet-daemon-perl
libnet-dbus-perl
libnet-dns-perl
libnet-http-perl
libnet-ip-perl
libnet-rblclient-perl
libnet-ssleay-perl
libnetaddr-ip-perl
libnumber-compare-perl
libpango-perl
libperl5.14
libplrpc-perl
librrds-perl
libsgmls-perl
libsocket6-perl
libswitch-perl
libsys-hostname-long-perl
libtext-charwidth-perl
libtext-glob-perl
libtext-iconv-perl
libtext-wrapi18n-perl
libtie-ixhash-perl
libtimedate-perl
liburi-perl
libuuid-perl
libwww-perl
libwww-robotrules-perl
libx11-protocol-perl
libxml-namespacesupport-perl
libxml-parser-perl
libxml-sax-base-perl
libxml-sax-expat-perl
libxml-sax-perl
libxml-simple-perl
libxml-twig-perl
libxml-xpathengine-perl
libyaml-libyaml-perl
libyaml-perl
libyaml-tiny-perl
perlmagick
