alias.conf
alias.load
auth_basic.load
authn_file.load
authz_default.load
authz_groupfile.load
authz_host.load
authz_user.load
autoindex.conf
autoindex.load
cgid.conf
cgid.load
cgi.load
deflate.conf
deflate.load
dir.conf
dir.load
env.load
headers.load
mime.conf
mime.load
negotiation.conf
negotiation.load
php5.conf
php5.load
proxy_ajp.load
proxy_balancer.conf
proxy_balancer.load
proxy.conf
proxy_connect.load
proxy_ftp.conf
proxy_ftp.load
proxy_http.load
proxy.load
proxy_scgi.load
reqtimeout.conf
reqtimeout.load
rewrite.load
setenvif.conf
setenvif.load
ssl.conf
ssl.load
status.conf
status.load
access_compat.load
alias.conf
alias.load
auth_basic.load
authn_core.load
authn_file.load
authz_core.load
authz_groupfile.load
authz_host.load
authz_user.load
autoindex.conf
autoindex.load
cgi.load
cgid.conf
cgid.load
deflate.conf
deflate.load
dir.conf
dir.load
dnssd.conf
dnssd.load
env.load
expires.load
fcgid.conf
fcgid.load
filter.load
headers.load
http2.conf
http2.load
imagemap.load
include.load
mime.conf
mime.load
mpm_event.conf
mpm_event.load
negotiation.conf
negotiation.load
perl.load
proxy.conf
proxy.load
proxy_ajp.load
proxy_balancer.conf
proxy_balancer.load
proxy_connect.load
proxy_ftp.conf
proxy_ftp.load
proxy_http.load
proxy_scgi.load
reqtimeout.conf
reqtimeout.load
rewrite.load
setenvif.conf
setenvif.load
slotmem_shm.load
socache_shmcb.load
ssl.conf
ssl.load
status.conf
status.load
suexec.load
